113.240.250.156 - - [06/Feb/2017:08:46:59 +0800] "GET / HTTP/1.0" 502 182 "-" "-"
113.240.250.156 - - [06/Feb/2017:08:47:12 +0800] "GET / HTTP/1.0" 502 182 "-" "-"
123.151.43.110 - - [06/Feb/2017:11:36:42 +0800] "GET / HTTP/1.1" 200 1424 "-" "Mozilla/5.0 (Windows NT 6.1; Win64; x64) AppleWebKit/537.36 (KHTML, like Gecko) Chrome/41.0.2272.89 Safari/537.36"
123.151.43.110 - - [06/Feb/2017:11:36:42 +0800] "GET / HTTP/1.1" 200 1424 "-" "Mozilla/5.0 (Windows NT 6.1; Win64; x64) AppleWebKit/537.36 (KHTML, like Gecko) Chrome/41.0.2272.89 Safari/537.36"
123.151.43.110 - - [06/Feb/2017:11:36:42 +0800] "GET / HTTP/1.1" 200 1424 "-" "Mozilla/5.0 (Windows NT 6.1; Win64; x64) AppleWebKit/537.36 (KHTML, like Gecko) Chrome/41.0.2272.89 Safari/537.36"
39.160.134.39 - - [06/Feb/2017:11:36:45 +0800] "GET / HTTP/1.1" 200 1424 "-" "Mozilla/5.0 (Macintosh; Intel Mac OS X 10_12_2) AppleWebKit/537.36 (KHTML, like Gecko) Chrome/55.0.2883.95 Safari/537.36"
39.160.134.39 - - [06/Feb/2017:11:36:46 +0800] "GET /static/css/uikit.min.css HTTP/1.1" 200 69595 "http://hexixi.top/" "Mozilla/5.0 (Macintosh; Intel Mac OS X 10_12_2) AppleWebKit/537.36 (KHTML, like Gecko) Chrome/55.0.2883.95 Safari/537.36"
39.160.134.39 - - [06/Feb/2017:11:36:46 +0800] "GET /static/css/awesome.css HTTP/1.1" 200 191 "http://hexixi.top/" "Mozilla/5.0 (Macintosh; Intel Mac OS X 10_12_2) AppleWebKit/537.36 (KHTML, like Gecko) Chrome/55.0.2883.95 Safari/537.36"
39.160.134.39 - - [06/Feb/2017:11:36:46 +0800] "GET /static/js/sha1.min.js HTTP/1.1" 200 4293 "http://hexixi.top/" "Mozilla/5.0 (Macintosh; Intel Mac OS X 10_12_2) AppleWebKit/537.36 (KHTML, like Gecko) Chrome/55.0.2883.95 Safari/537.36"
39.160.134.39 - - [06/Feb/2017:11:36:46 +0800] "GET /static/js/sticky.min.js HTTP/1.1" 200 2197 "http://hexixi.top/" "Mozilla/5.0 (Macintosh; Intel Mac OS X 10_12_2) AppleWebKit/537.36 (KHTML, like Gecko) Chrome/55.0.2883.95 Safari/537.36"
39.160.134.39 - - [06/Feb/2017:11:36:46 +0800] "GET /static/js/uikit.min.js HTTP/1.1" 200 34274 "http://hexixi.top/" "Mozilla/5.0 (Macintosh; Intel Mac OS X 10_12_2) AppleWebKit/537.36 (KHTML, like Gecko) Chrome/55.0.2883.95 Safari/537.36"
39.160.134.39 - - [06/Feb/2017:11:36:46 +0800] "GET /static/js/vue.min.js HTTP/1.1" 200 56509 "http://hexixi.top/" "Mozilla/5.0 (Macintosh; Intel Mac OS X 10_12_2) AppleWebKit/537.36 (KHTML, like Gecko) Chrome/55.0.2883.95 Safari/537.36"
39.160.134.39 - - [06/Feb/2017:11:36:46 +0800] "GET /static/js/awesome.js HTTP/1.1" 200 14140 "http://hexixi.top/" "Mozilla/5.0 (Macintosh; Intel Mac OS X 10_12_2) AppleWebKit/537.36 (KHTML, like Gecko) Chrome/55.0.2883.95 Safari/537.36"
39.160.134.39 - - [06/Feb/2017:11:36:46 +0800] "GET /static/js/jquery.min.js HTTP/1.1" 200 93021 "http://hexixi.top/" "Mozilla/5.0 (Macintosh; Intel Mac OS X 10_12_2) AppleWebKit/537.36 (KHTML, like Gecko) Chrome/55.0.2883.95 Safari/537.36"
39.160.134.39 - - [06/Feb/2017:11:36:47 +0800] "GET /static/fonts/fontawesome-webfont.woff HTTP/1.1" 200 44432 "http://hexixi.top/static/css/uikit.min.css" "Mozilla/5.0 (Macintosh; Intel Mac OS X 10_12_2) AppleWebKit/537.36 (KHTML, like Gecko) Chrome/55.0.2883.95 Safari/537.36"
39.160.134.39 - - [06/Feb/2017:11:36:53 +0800] "GET /signin HTTP/1.1" 200 1066 "http://hexixi.top/" "Mozilla/5.0 (Macintosh; Intel Mac OS X 10_12_2) AppleWebKit/537.36 (KHTML, like Gecko) Chrome/55.0.2883.95 Safari/537.36"
39.160.134.39 - - [06/Feb/2017:11:36:53 +0800] "GET /static/css/uikit.gradient.min.css HTTP/1.1" 200 102043 "http://hexixi.top/signin" "Mozilla/5.0 (Macintosh; Intel Mac OS X 10_12_2) AppleWebKit/537.36 (KHTML, like Gecko) Chrome/55.0.2883.95 Safari/537.36"
39.160.134.39 - - [06/Feb/2017:11:37:12 +0800] "POST /api/authenticate HTTP/1.1" 500 141 "http://hexixi.top/signin" "Mozilla/5.0 (Macintosh; Intel Mac OS X 10_12_2) AppleWebKit/537.36 (KHTML, like Gecko) Chrome/55.0.2883.95 Safari/537.36"
123.151.43.110 - - [06/Feb/2017:11:37:42 +0800] "GET / HTTP/1.1" 200 1424 "-" "Mozilla/5.0 (Windows NT 6.1; Win64; x64) AppleWebKit/537.36 (KHTML, like Gecko) Chrome/41.0.2272.89 Safari/537.36"
123.151.43.110 - - [06/Feb/2017:11:37:42 +0800] "GET / HTTP/1.1" 200 1424 "-" "Mozilla/5.0 (Windows NT 6.1; Win64; x64) AppleWebKit/537.36 (KHTML, like Gecko) Chrome/41.0.2272.89 Safari/537.36"
123.151.43.110 - - [06/Feb/2017:11:37:42 +0800] "GET / HTTP/1.1" 200 1424 "-" "Mozilla/5.0 (Windows NT 6.1; Win64; x64) AppleWebKit/537.36 (KHTML, like Gecko) Chrome/41.0.2272.89 Safari/537.36"
39.160.134.39 - - [06/Feb/2017:11:38:35 +0800] "GET /register HTTP/1.1" 200 2037 "http://hexixi.top/signin" "Mozilla/5.0 (Macintosh; Intel Mac OS X 10_12_2) AppleWebKit/537.36 (KHTML, like Gecko) Chrome/55.0.2883.95 Safari/537.36"
123.151.43.110 - - [06/Feb/2017:11:38:42 +0800] "GET / HTTP/1.1" 200 1424 "-" "Mozilla/5.0 (Windows NT 6.1; Win64; x64) AppleWebKit/537.36 (KHTML, like Gecko) Chrome/41.0.2272.89 Safari/537.36"
123.151.43.110 - - [06/Feb/2017:11:38:42 +0800] "GET / HTTP/1.1" 200 1424 "-" "Mozilla/5.0 (Windows NT 6.1; Win64; x64) AppleWebKit/537.36 (KHTML, like Gecko) Chrome/41.0.2272.89 Safari/537.36"
123.151.43.110 - - [06/Feb/2017:11:38:42 +0800] "GET / HTTP/1.1" 200 1424 "-" "Mozilla/5.0 (Windows NT 6.1; Win64; x64) AppleWebKit/537.36 (KHTML, like Gecko) Chrome/41.0.2272.89 Safari/537.36"
39.160.134.39 - - [06/Feb/2017:11:39:18 +0800] "POST /api/users HTTP/1.1" 200 240 "http://hexixi.top/register" "Mozilla/5.0 (Macintosh; Intel Mac OS X 10_12_2) AppleWebKit/537.36 (KHTML, like Gecko) Chrome/55.0.2883.95 Safari/537.36"
39.160.134.39 - - [06/Feb/2017:11:39:18 +0800] "GET / HTTP/1.1" 200 1483 "http://hexixi.top/register" "Mozilla/5.0 (Macintosh; Intel Mac OS X 10_12_2) AppleWebKit/537.36 (KHTML, like Gecko) Chrome/55.0.2883.95 Safari/537.36"
123.151.43.110 - - [06/Feb/2017:11:39:42 +0800] "GET / HTTP/1.1" 200 1424 "-" "Mozilla/5.0 (Windows NT 6.1; Win64; x64) AppleWebKit/537.36 (KHTML, like Gecko) Chrome/41.0.2272.89 Safari/537.36"
123.151.43.110 - - [06/Feb/2017:11:39:42 +0800] "GET / HTTP/1.1" 200 1424 "-" "Mozilla/5.0 (Windows NT 6.1; Win64; x64) AppleWebKit/537.36 (KHTML, like Gecko) Chrome/41.0.2272.89 Safari/537.36"
123.151.43.110 - - [06/Feb/2017:11:39:42 +0800] "GET / HTTP/1.1" 200 1424 "-" "Mozilla/5.0 (Windows NT 6.1; Win64; x64) AppleWebKit/537.36 (KHTML, like Gecko) Chrome/41.0.2272.89 Safari/537.36"
123.151.43.110 - - [06/Feb/2017:11:40:43 +0800] "GET / HTTP/1.1" 200 1424 "-" "Mozilla/5.0 (Windows NT 6.1; Win64; x64) AppleWebKit/537.36 (KHTML, like Gecko) Chrome/41.0.2272.89 Safari/537.36"
123.151.43.110 - - [06/Feb/2017:11:40:43 +0800] "GET / HTTP/1.1" 200 1424 "-" "Mozilla/5.0 (Windows NT 6.1; Win64; x64) AppleWebKit/537.36 (KHTML, like Gecko) Chrome/41.0.2272.89 Safari/537.36"
123.151.43.110 - - [06/Feb/2017:11:40:43 +0800] "GET / HTTP/1.1" 200 1424 "-" "Mozilla/5.0 (Windows NT 6.1; Win64; x64) AppleWebKit/537.36 (KHTML, like Gecko) Chrome/41.0.2272.89 Safari/537.36"
123.151.43.110 - - [06/Feb/2017:11:41:42 +0800] "GET / HTTP/1.1" 200 1424 "-" "Mozilla/5.0 (Windows NT 6.1; Win64; x64) AppleWebKit/537.36 (KHTML, like Gecko) Chrome/41.0.2272.89 Safari/537.36"
123.151.43.110 - - [06/Feb/2017:11:41:42 +0800] "GET / HTTP/1.1" 200 1424 "-" "Mozilla/5.0 (Windows NT 6.1; Win64; x64) AppleWebKit/537.36 (KHTML, like Gecko) Chrome/41.0.2272.89 Safari/537.36"
123.151.43.110 - - [06/Feb/2017:11:41:42 +0800] "GET / HTTP/1.1" 200 1424 "-" "Mozilla/5.0 (Windows NT 6.1; Win64; x64) AppleWebKit/537.36 (KHTML, like Gecko) Chrome/41.0.2272.89 Safari/537.36"
123.151.43.110 - - [06/Feb/2017:11:42:42 +0800] "GET / HTTP/1.1" 200 1424 "-" "Mozilla/5.0 (Windows NT 6.1; Win64; x64) AppleWebKit/537.36 (KHTML, like Gecko) Chrome/41.0.2272.89 Safari/537.36"
123.151.43.110 - - [06/Feb/2017:11:42:42 +0800] "GET / HTTP/1.1" 200 1424 "-" "Mozilla/5.0 (Windows NT 6.1; Win64; x64) AppleWebKit/537.36 (KHTML, like Gecko) Chrome/41.0.2272.89 Safari/537.36"
123.151.43.110 - - [06/Feb/2017:11:42:42 +0800] "GET / HTTP/1.1" 200 1424 "-" "Mozilla/5.0 (Windows NT 6.1; Win64; x64) AppleWebKit/537.36 (KHTML, like Gecko) Chrome/41.0.2272.89 Safari/537.36"
123.151.43.110 - - [06/Feb/2017:11:43:42 +0800] "GET / HTTP/1.1" 200 1424 "-" "Mozilla/5.0 (Windows NT 6.1; Win64; x64) AppleWebKit/537.36 (KHTML, like Gecko) Chrome/41.0.2272.89 Safari/537.36"
123.151.43.110 - - [06/Feb/2017:11:43:42 +0800] "GET / HTTP/1.1" 200 1424 "-" "Mozilla/5.0 (Windows NT 6.1; Win64; x64) AppleWebKit/537.36 (KHTML, like Gecko) Chrome/41.0.2272.89 Safari/537.36"
123.151.43.110 - - [06/Feb/2017:11:43:42 +0800] "GET / HTTP/1.1" 200 1424 "-" "Mozilla/5.0 (Windows NT 6.1; Win64; x64) AppleWebKit/537.36 (KHTML, like Gecko) Chrome/41.0.2272.89 Safari/537.36"
123.151.43.110 - - [06/Feb/2017:11:44:42 +0800] "GET / HTTP/1.1" 200 1424 "-" "Mozilla/5.0 (Windows NT 6.1; Win64; x64) AppleWebKit/537.36 (KHTML, like Gecko) Chrome/41.0.2272.89 Safari/537.36"
123.151.43.110 - - [06/Feb/2017:11:44:42 +0800] "GET / HTTP/1.1" 200 1424 "-" "Mozilla/5.0 (Windows NT 6.1; Win64; x64) AppleWebKit/537.36 (KHTML, like Gecko) Chrome/41.0.2272.89 Safari/537.36"
123.151.43.110 - - [06/Feb/2017:11:44:42 +0800] "GET / HTTP/1.1" 200 1424 "-" "Mozilla/5.0 (Windows NT 6.1; Win64; x64) AppleWebKit/537.36 (KHTML, like Gecko) Chrome/41.0.2272.89 Safari/537.36"
39.160.134.39 - - [06/Feb/2017:11:45:41 +0800] "GET / HTTP/1.1" 200 1538 "http://hexixi.top/register" "Mozilla/5.0 (Macintosh; Intel Mac OS X 10_12_2) AppleWebKit/537.36 (KHTML, like Gecko) Chrome/55.0.2883.95 Safari/537.36"
123.151.43.110 - - [06/Feb/2017:11:45:42 +0800] "GET / HTTP/1.1" 200 1424 "-" "Mozilla/5.0 (Windows NT 6.1; Win64; x64) AppleWebKit/537.36 (KHTML, like Gecko) Chrome/41.0.2272.89 Safari/537.36"
123.151.43.110 - - [06/Feb/2017:11:45:42 +0800] "GET / HTTP/1.1" 200 1424 "-" "Mozilla/5.0 (Windows NT 6.1; Win64; x64) AppleWebKit/537.36 (KHTML, like Gecko) Chrome/41.0.2272.89 Safari/537.36"
123.151.43.110 - - [06/Feb/2017:11:45:42 +0800] "GET / HTTP/1.1" 200 1424 "-" "Mozilla/5.0 (Windows NT 6.1; Win64; x64) AppleWebKit/537.36 (KHTML, like Gecko) Chrome/41.0.2272.89 Safari/537.36"
39.160.134.39 - - [06/Feb/2017:11:45:44 +0800] "GET /manage/blogs HTTP/1.1" 200 2106 "http://hexixi.top/" "Mozilla/5.0 (Macintosh; Intel Mac OS X 10_12_2) AppleWebKit/537.36 (KHTML, like Gecko) Chrome/55.0.2883.95 Safari/537.36"
39.160.134.39 - - [06/Feb/2017:11:45:44 +0800] "GET /api/blogs?page=1 HTTP/1.1" 200 158 "http://hexixi.top/manage/blogs" "Mozilla/5.0 (Macintosh; Intel Mac OS X 10_12_2) AppleWebKit/537.36 (KHTML, like Gecko) Chrome/55.0.2883.95 Safari/537.36"
123.151.43.110 - - [06/Feb/2017:11:46:43 +0800] "GET / HTTP/1.1" 200 1424 "-" "Mozilla/5.0 (Windows NT 6.1; Win64; x64) AppleWebKit/537.36 (KHTML, like Gecko) Chrome/41.0.2272.89 Safari/537.36"
123.151.43.110 - - [06/Feb/2017:11:46:43 +0800] "GET / HTTP/1.1" 200 1424 "-" "Mozilla/5.0 (Windows NT 6.1; Win64; x64) AppleWebKit/537.36 (KHTML, like Gecko) Chrome/41.0.2272.89 Safari/537.36"
123.151.43.110 - - [06/Feb/2017:11:46:43 +0800] "GET / HTTP/1.1" 200 1424 "-" "Mozilla/5.0 (Windows NT 6.1; Win64; x64) AppleWebKit/537.36 (KHTML, like Gecko) Chrome/41.0.2272.89 Safari/537.36"
123.151.43.110 - - [06/Feb/2017:11:47:42 +0800] "GET / HTTP/1.1" 200 1424 "-" "Mozilla/5.0 (Windows NT 6.1; Win64; x64) AppleWebKit/537.36 (KHTML, like Gecko) Chrome/41.0.2272.89 Safari/537.36"
123.151.43.110 - - [06/Feb/2017:11:47:42 +0800] "GET / HTTP/1.1" 200 1424 "-" "Mozilla/5.0 (Windows NT 6.1; Win64; x64) AppleWebKit/537.36 (KHTML, like Gecko) Chrome/41.0.2272.89 Safari/537.36"
123.151.43.110 - - [06/Feb/2017:11:47:42 +0800] "GET / HTTP/1.1" 200 1424 "-" "Mozilla/5.0 (Windows NT 6.1; Win64; x64) AppleWebKit/537.36 (KHTML, like Gecko) Chrome/41.0.2272.89 Safari/537.36"
123.151.43.110 - - [06/Feb/2017:11:48:43 +0800] "GET / HTTP/1.1" 200 1424 "-" "Mozilla/5.0 (Windows NT 6.1; Win64; x64) AppleWebKit/537.36 (KHTML, like Gecko) Chrome/41.0.2272.89 Safari/537.36"
123.151.43.110 - - [06/Feb/2017:11:48:43 +0800] "GET / HTTP/1.1" 200 1424 "-" "Mozilla/5.0 (Windows NT 6.1; Win64; x64) AppleWebKit/537.36 (KHTML, like Gecko) Chrome/41.0.2272.89 Safari/537.36"
123.151.43.110 - - [06/Feb/2017:11:48:43 +0800] "GET / HTTP/1.1" 200 1424 "-" "Mozilla/5.0 (Windows NT 6.1; Win64; x64) AppleWebKit/537.36 (KHTML, like Gecko) Chrome/41.0.2272.89 Safari/537.36"
123.151.43.110 - - [06/Feb/2017:11:49:43 +0800] "GET / HTTP/1.1" 200 1424 "-" "Mozilla/5.0 (Windows NT 6.1; Win64; x64) AppleWebKit/537.36 (KHTML, like Gecko) Chrome/41.0.2272.89 Safari/537.36"
123.151.43.110 - - [06/Feb/2017:11:49:43 +0800] "GET / HTTP/1.1" 200 1424 "-" "Mozilla/5.0 (Windows NT 6.1; Win64; x64) AppleWebKit/537.36 (KHTML, like Gecko) Chrome/41.0.2272.89 Safari/537.36"
123.151.43.110 - - [06/Feb/2017:11:49:43 +0800] "GET / HTTP/1.1" 200 1424 "-" "Mozilla/5.0 (Windows NT 6.1; Win64; x64) AppleWebKit/537.36 (KHTML, like Gecko) Chrome/41.0.2272.89 Safari/537.36"
123.151.43.110 - - [06/Feb/2017:11:50:43 +0800] "GET / HTTP/1.1" 200 1424 "-" "Mozilla/5.0 (Windows NT 6.1; Win64; x64) AppleWebKit/537.36 (KHTML, like Gecko) Chrome/41.0.2272.89 Safari/537.36"
123.151.43.110 - - [06/Feb/2017:11:50:43 +0800] "GET / HTTP/1.1" 200 1424 "-" "Mozilla/5.0 (Windows NT 6.1; Win64; x64) AppleWebKit/537.36 (KHTML, like Gecko) Chrome/41.0.2272.89 Safari/537.36"
123.151.43.110 - - [06/Feb/2017:11:50:43 +0800] "GET / HTTP/1.1" 200 1424 "-" "Mozilla/5.0 (Windows NT 6.1; Win64; x64) AppleWebKit/537.36 (KHTML, like Gecko) Chrome/41.0.2272.89 Safari/537.36"
123.151.43.110 - - [06/Feb/2017:11:51:42 +0800] "GET / HTTP/1.1" 200 1424 "-" "Mozilla/5.0 (Windows NT 6.1; Win64; x64) AppleWebKit/537.36 (KHTML, like Gecko) Chrome/41.0.2272.89 Safari/537.36"
123.151.43.110 - - [06/Feb/2017:11:51:42 +0800] "GET / HTTP/1.1" 200 1424 "-" "Mozilla/5.0 (Windows NT 6.1; Win64; x64) AppleWebKit/537.36 (KHTML, like Gecko) Chrome/41.0.2272.89 Safari/537.36"
123.151.43.110 - - [06/Feb/2017:11:51:42 +0800] "GET / HTTP/1.1" 200 1424 "-" "Mozilla/5.0 (Windows NT 6.1; Win64; x64) AppleWebKit/537.36 (KHTML, like Gecko) Chrome/41.0.2272.89 Safari/537.36"
123.151.43.110 - - [06/Feb/2017:11:52:43 +0800] "GET / HTTP/1.1" 200 1424 "-" "Mozilla/5.0 (Windows NT 6.1; Win64; x64) AppleWebKit/537.36 (KHTML, like Gecko) Chrome/41.0.2272.89 Safari/537.36"
123.151.43.110 - - [06/Feb/2017:11:52:43 +0800] "GET / HTTP/1.1" 200 1424 "-" "Mozilla/5.0 (Windows NT 6.1; Win64; x64) AppleWebKit/537.36 (KHTML, like Gecko) Chrome/41.0.2272.89 Safari/537.36"
123.151.43.110 - - [06/Feb/2017:11:52:43 +0800] "GET / HTTP/1.1" 200 1424 "-" "Mozilla/5.0 (Windows NT 6.1; Win64; x64) AppleWebKit/537.36 (KHTML, like Gecko) Chrome/41.0.2272.89 Safari/537.36"
123.151.43.110 - - [06/Feb/2017:11:53:42 +0800] "GET / HTTP/1.1" 200 1424 "-" "Mozilla/5.0 (Windows NT 6.1; Win64; x64) AppleWebKit/537.36 (KHTML, like Gecko) Chrome/41.0.2272.89 Safari/537.36"
123.151.43.110 - - [06/Feb/2017:11:53:42 +0800] "GET / HTTP/1.1" 200 1424 "-" "Mozilla/5.0 (Windows NT 6.1; Win64; x64) AppleWebKit/537.36 (KHTML, like Gecko) Chrome/41.0.2272.89 Safari/537.36"
123.151.43.110 - - [06/Feb/2017:11:53:42 +0800] "GET / HTTP/1.1" 200 1424 "-" "Mozilla/5.0 (Windows NT 6.1; Win64; x64) AppleWebKit/537.36 (KHTML, like Gecko) Chrome/41.0.2272.89 Safari/537.36"
123.151.43.110 - - [06/Feb/2017:11:54:43 +0800] "GET / HTTP/1.1" 200 1424 "-" "Mozilla/5.0 (Windows NT 6.1; Win64; x64) AppleWebKit/537.36 (KHTML, like Gecko) Chrome/41.0.2272.89 Safari/537.36"
123.151.43.110 - - [06/Feb/2017:11:54:43 +0800] "GET / HTTP/1.1" 200 1424 "-" "Mozilla/5.0 (Windows NT 6.1; Win64; x64) AppleWebKit/537.36 (KHTML, like Gecko) Chrome/41.0.2272.89 Safari/537.36"
123.151.43.110 - - [06/Feb/2017:11:54:43 +0800] "GET / HTTP/1.1" 200 1424 "-" "Mozilla/5.0 (Windows NT 6.1; Win64; x64) AppleWebKit/537.36 (KHTML, like Gecko) Chrome/41.0.2272.89 Safari/537.36"
123.151.43.110 - - [06/Feb/2017:11:55:42 +0800] "GET / HTTP/1.1" 200 1424 "-" "Mozilla/5.0 (Windows NT 6.1; Win64; x64) AppleWebKit/537.36 (KHTML, like Gecko) Chrome/41.0.2272.89 Safari/537.36"
123.151.43.110 - - [06/Feb/2017:11:55:42 +0800] "GET / HTTP/1.1" 200 1424 "-" "Mozilla/5.0 (Windows NT 6.1; Win64; x64) AppleWebKit/537.36 (KHTML, like Gecko) Chrome/41.0.2272.89 Safari/537.36"
123.151.43.110 - - [06/Feb/2017:11:55:42 +0800] "GET / HTTP/1.1" 200 1424 "-" "Mozilla/5.0 (Windows NT 6.1; Win64; x64) AppleWebKit/537.36 (KHTML, like Gecko) Chrome/41.0.2272.89 Safari/537.36"
123.151.43.110 - - [06/Feb/2017:11:56:43 +0800] "GET / HTTP/1.1" 200 1424 "-" "Mozilla/5.0 (Windows NT 6.1; Win64; x64) AppleWebKit/537.36 (KHTML, like Gecko) Chrome/41.0.2272.89 Safari/537.36"
123.151.43.110 - - [06/Feb/2017:11:56:43 +0800] "GET / HTTP/1.1" 200 1424 "-" "Mozilla/5.0 (Windows NT 6.1; Win64; x64) AppleWebKit/537.36 (KHTML, like Gecko) Chrome/41.0.2272.89 Safari/537.36"
123.151.43.110 - - [06/Feb/2017:11:56:43 +0800] "GET / HTTP/1.1" 200 1424 "-" "Mozilla/5.0 (Windows NT 6.1; Win64; x64) AppleWebKit/537.36 (KHTML, like Gecko) Chrome/41.0.2272.89 Safari/537.36"
123.151.43.110 - - [06/Feb/2017:11:57:42 +0800] "GET / HTTP/1.1" 200 1424 "-" "Mozilla/5.0 (Windows NT 6.1; Win64; x64) AppleWebKit/537.36 (KHTML, like Gecko) Chrome/41.0.2272.89 Safari/537.36"
123.151.43.110 - - [06/Feb/2017:11:57:42 +0800] "GET / HTTP/1.1" 200 1424 "-" "Mozilla/5.0 (Windows NT 6.1; Win64; x64) AppleWebKit/537.36 (KHTML, like Gecko) Chrome/41.0.2272.89 Safari/537.36"
123.151.43.110 - - [06/Feb/2017:11:57:42 +0800] "GET / HTTP/1.1" 200 1424 "-" "Mozilla/5.0 (Windows NT 6.1; Win64; x64) AppleWebKit/537.36 (KHTML, like Gecko) Chrome/41.0.2272.89 Safari/537.36"
123.151.43.110 - - [06/Feb/2017:11:58:42 +0800] "GET / HTTP/1.1" 200 1424 "-" "Mozilla/5.0 (Windows NT 6.1; Win64; x64) AppleWebKit/537.36 (KHTML, like Gecko) Chrome/41.0.2272.89 Safari/537.36"
123.151.43.110 - - [06/Feb/2017:11:58:42 +0800] "GET / HTTP/1.1" 200 1424 "-" "Mozilla/5.0 (Windows NT 6.1; Win64; x64) AppleWebKit/537.36 (KHTML, like Gecko) Chrome/41.0.2272.89 Safari/537.36"
123.151.43.110 - - [06/Feb/2017:11:58:42 +0800] "GET / HTTP/1.1" 200 1424 "-" "Mozilla/5.0 (Windows NT 6.1; Win64; x64) AppleWebKit/537.36 (KHTML, like Gecko) Chrome/41.0.2272.89 Safari/537.36"
123.151.43.110 - - [06/Feb/2017:11:59:42 +0800] "GET / HTTP/1.1" 200 1424 "-" "Mozilla/5.0 (Windows NT 6.1; Win64; x64) AppleWebKit/537.36 (KHTML, like Gecko) Chrome/41.0.2272.89 Safari/537.36"
123.151.43.110 - - [06/Feb/2017:11:59:42 +0800] "GET / HTTP/1.1" 200 1424 "-" "Mozilla/5.0 (Windows NT 6.1; Win64; x64) AppleWebKit/537.36 (KHTML, like Gecko) Chrome/41.0.2272.89 Safari/537.36"
123.151.43.110 - - [06/Feb/2017:11:59:42 +0800] "GET / HTTP/1.1" 200 1424 "-" "Mozilla/5.0 (Windows NT 6.1; Win64; x64) AppleWebKit/537.36 (KHTML, like Gecko) Chrome/41.0.2272.89 Safari/537.36"
123.151.43.110 - - [06/Feb/2017:12:00:43 +0800] "GET / HTTP/1.1" 200 1424 "-" "Mozilla/5.0 (Windows NT 6.1; Win64; x64) AppleWebKit/537.36 (KHTML, like Gecko) Chrome/41.0.2272.89 Safari/537.36"
123.151.43.110 - - [06/Feb/2017:12:00:43 +0800] "GET / HTTP/1.1" 200 1424 "-" "Mozilla/5.0 (Windows NT 6.1; Win64; x64) AppleWebKit/537.36 (KHTML, like Gecko) Chrome/41.0.2272.89 Safari/537.36"
123.151.43.110 - - [06/Feb/2017:12:00:43 +0800] "GET / HTTP/1.1" 200 1424 "-" "Mozilla/5.0 (Windows NT 6.1; Win64; x64) AppleWebKit/537.36 (KHTML, like Gecko) Chrome/41.0.2272.89 Safari/537.36"
123.151.43.110 - - [06/Feb/2017:12:01:42 +0800] "GET / HTTP/1.1" 200 1424 "-" "Mozilla/5.0 (Windows NT 6.1; Win64; x64) AppleWebKit/537.36 (KHTML, like Gecko) Chrome/41.0.2272.89 Safari/537.36"
123.151.43.110 - - [06/Feb/2017:12:01:42 +0800] "GET / HTTP/1.1" 200 1424 "-" "Mozilla/5.0 (Windows NT 6.1; Win64; x64) AppleWebKit/537.36 (KHTML, like Gecko) Chrome/41.0.2272.89 Safari/537.36"
123.151.43.110 - - [06/Feb/2017:12:01:42 +0800] "GET / HTTP/1.1" 200 1424 "-" "Mozilla/5.0 (Windows NT 6.1; Win64; x64) AppleWebKit/537.36 (KHTML, like Gecko) Chrome/41.0.2272.89 Safari/537.36"
123.151.43.110 - - [06/Feb/2017:12:02:43 +0800] "GET / HTTP/1.1" 200 1424 "-" "Mozilla/5.0 (Windows NT 6.1; Win64; x64) AppleWebKit/537.36 (KHTML, like Gecko) Chrome/41.0.2272.89 Safari/537.36"
123.151.43.110 - - [06/Feb/2017:12:02:43 +0800] "GET / HTTP/1.1" 200 1424 "-" "Mozilla/5.0 (Windows NT 6.1; Win64; x64) AppleWebKit/537.36 (KHTML, like Gecko) Chrome/41.0.2272.89 Safari/537.36"
123.151.43.110 - - [06/Feb/2017:12:02:43 +0800] "GET / HTTP/1.1" 200 1424 "-" "Mozilla/5.0 (Windows NT 6.1; Win64; x64) AppleWebKit/537.36 (KHTML, like Gecko) Chrome/41.0.2272.89 Safari/537.36"
123.151.43.110 - - [06/Feb/2017:12:03:43 +0800] "GET / HTTP/1.1" 200 1424 "-" "Mozilla/5.0 (Windows NT 6.1; Win64; x64) AppleWebKit/537.36 (KHTML, like Gecko) Chrome/41.0.2272.89 Safari/537.36"
123.151.43.110 - - [06/Feb/2017:12:03:43 +0800] "GET / HTTP/1.1" 200 1424 "-" "Mozilla/5.0 (Windows NT 6.1; Win64; x64) AppleWebKit/537.36 (KHTML, like Gecko) Chrome/41.0.2272.89 Safari/537.36"
123.151.43.110 - - [06/Feb/2017:12:03:43 +0800] "GET / HTTP/1.1" 200 1424 "-" "Mozilla/5.0 (Windows NT 6.1; Win64; x64) AppleWebKit/537.36 (KHTML, like Gecko) Chrome/41.0.2272.89 Safari/537.36"
123.151.43.110 - - [06/Feb/2017:12:04:42 +0800] "GET / HTTP/1.1" 200 1424 "-" "Mozilla/5.0 (Windows NT 6.1; Win64; x64) AppleWebKit/537.36 (KHTML, like Gecko) Chrome/41.0.2272.89 Safari/537.36"
123.151.43.110 - - [06/Feb/2017:12:04:42 +0800] "GET / HTTP/1.1" 200 1424 "-" "Mozilla/5.0 (Windows NT 6.1; Win64; x64) AppleWebKit/537.36 (KHTML, like Gecko) Chrome/41.0.2272.89 Safari/537.36"
123.151.43.110 - - [06/Feb/2017:12:04:42 +0800] "GET / HTTP/1.1" 200 1424 "-" "Mozilla/5.0 (Windows NT 6.1; Win64; x64) AppleWebKit/537.36 (KHTML, like Gecko) Chrome/41.0.2272.89 Safari/537.36"
39.160.134.39 - - [06/Feb/2017:12:04:43 +0800] "GET / HTTP/1.1" 200 1538 "-" "Mozilla/5.0 (Macintosh; Intel Mac OS X 10_12_2) AppleWebKit/537.36 (KHTML, like Gecko) Chrome/55.0.2883.95 Safari/537.36"
123.151.43.110 - - [06/Feb/2017:12:05:43 +0800] "GET / HTTP/1.1" 200 1424 "-" "Mozilla/5.0 (Windows NT 6.1; Win64; x64) AppleWebKit/537.36 (KHTML, like Gecko) Chrome/41.0.2272.89 Safari/537.36"
123.151.43.110 - - [06/Feb/2017:12:05:43 +0800] "GET / HTTP/1.1" 200 1424 "-" "Mozilla/5.0 (Windows NT 6.1; Win64; x64) AppleWebKit/537.36 (KHTML, like Gecko) Chrome/41.0.2272.89 Safari/537.36"
123.151.43.110 - - [06/Feb/2017:12:05:43 +0800] "GET / HTTP/1.1" 200 1424 "-" "Mozilla/5.0 (Windows NT 6.1; Win64; x64) AppleWebKit/537.36 (KHTML, like Gecko) Chrome/41.0.2272.89 Safari/537.36"
123.151.43.110 - - [06/Feb/2017:12:06:42 +0800] "GET / HTTP/1.1" 200 1424 "-" "Mozilla/5.0 (Windows NT 6.1; Win64; x64) AppleWebKit/537.36 (KHTML, like Gecko) Chrome/41.0.2272.89 Safari/537.36"
123.151.43.110 - - [06/Feb/2017:12:06:42 +0800] "GET / HTTP/1.1" 200 1424 "-" "Mozilla/5.0 (Windows NT 6.1; Win64; x64) AppleWebKit/537.36 (KHTML, like Gecko) Chrome/41.0.2272.89 Safari/537.36"
123.151.43.110 - - [06/Feb/2017:12:06:42 +0800] "GET / HTTP/1.1" 200 1424 "-" "Mozilla/5.0 (Windows NT 6.1; Win64; x64) AppleWebKit/537.36 (KHTML, like Gecko) Chrome/41.0.2272.89 Safari/537.36"
123.151.43.110 - - [06/Feb/2017:12:07:42 +0800] "GET / HTTP/1.1" 200 1424 "-" "Mozilla/5.0 (Windows NT 6.1; Win64; x64) AppleWebKit/537.36 (KHTML, like Gecko) Chrome/41.0.2272.89 Safari/537.36"
123.151.43.110 - - [06/Feb/2017:12:07:42 +0800] "GET / HTTP/1.1" 200 1424 "-" "Mozilla/5.0 (Windows NT 6.1; Win64; x64) AppleWebKit/537.36 (KHTML, like Gecko) Chrome/41.0.2272.89 Safari/537.36"
123.151.43.110 - - [06/Feb/2017:12:07:42 +0800] "GET / HTTP/1.1" 200 1424 "-" "Mozilla/5.0 (Windows NT 6.1; Win64; x64) AppleWebKit/537.36 (KHTML, like Gecko) Chrome/41.0.2272.89 Safari/537.36"
123.151.43.110 - - [06/Feb/2017:12:08:42 +0800] "GET / HTTP/1.1" 200 1424 "-" "Mozilla/5.0 (Windows NT 6.1; Win64; x64) AppleWebKit/537.36 (KHTML, like Gecko) Chrome/41.0.2272.89 Safari/537.36"
123.151.43.110 - - [06/Feb/2017:12:08:42 +0800] "GET / HTTP/1.1" 200 1424 "-" "Mozilla/5.0 (Windows NT 6.1; Win64; x64) AppleWebKit/537.36 (KHTML, like Gecko) Chrome/41.0.2272.89 Safari/537.36"
123.151.43.110 - - [06/Feb/2017:12:08:42 +0800] "GET / HTTP/1.1" 200 1424 "-" "Mozilla/5.0 (Windows NT 6.1; Win64; x64) AppleWebKit/537.36 (KHTML, like Gecko) Chrome/41.0.2272.89 Safari/537.36"
123.151.43.110 - - [06/Feb/2017:12:09:43 +0800] "GET / HTTP/1.1" 200 1424 "-" "Mozilla/5.0 (Windows NT 6.1; Win64; x64) AppleWebKit/537.36 (KHTML, like Gecko) Chrome/41.0.2272.89 Safari/537.36"
123.151.43.110 - - [06/Feb/2017:12:09:43 +0800] "GET / HTTP/1.1" 200 1424 "-" "Mozilla/5.0 (Windows NT 6.1; Win64; x64) AppleWebKit/537.36 (KHTML, like Gecko) Chrome/41.0.2272.89 Safari/537.36"
123.151.43.110 - - [06/Feb/2017:12:09:43 +0800] "GET / HTTP/1.1" 200 1424 "-" "Mozilla/5.0 (Windows NT 6.1; Win64; x64) AppleWebKit/537.36 (KHTML, like Gecko) Chrome/41.0.2272.89 Safari/537.36"
123.151.43.110 - - [06/Feb/2017:12:10:43 +0800] "GET / HTTP/1.1" 200 1424 "-" "Mozilla/5.0 (Windows NT 6.1; Win64; x64) AppleWebKit/537.36 (KHTML, like Gecko) Chrome/41.0.2272.89 Safari/537.36"
123.151.43.110 - - [06/Feb/2017:12:10:43 +0800] "GET / HTTP/1.1" 200 1424 "-" "Mozilla/5.0 (Windows NT 6.1; Win64; x64) AppleWebKit/537.36 (KHTML, like Gecko) Chrome/41.0.2272.89 Safari/537.36"
123.151.43.110 - - [06/Feb/2017:12:10:43 +0800] "GET / HTTP/1.1" 200 1424 "-" "Mozilla/5.0 (Windows NT 6.1; Win64; x64) AppleWebKit/537.36 (KHTML, like Gecko) Chrome/41.0.2272.89 Safari/537.36"
123.151.43.110 - - [06/Feb/2017:12:11:42 +0800] "GET / HTTP/1.1" 200 1424 "-" "Mozilla/5.0 (Windows NT 6.1; Win64; x64) AppleWebKit/537.36 (KHTML, like Gecko) Chrome/41.0.2272.89 Safari/537.36"
123.151.43.110 - - [06/Feb/2017:12:11:42 +0800] "GET / HTTP/1.1" 200 1424 "-" "Mozilla/5.0 (Windows NT 6.1; Win64; x64) AppleWebKit/537.36 (KHTML, like Gecko) Chrome/41.0.2272.89 Safari/537.36"
123.151.43.110 - - [06/Feb/2017:12:11:42 +0800] "GET / HTTP/1.1" 200 1424 "-" "Mozilla/5.0 (Windows NT 6.1; Win64; x64) AppleWebKit/537.36 (KHTML, like Gecko) Chrome/41.0.2272.89 Safari/537.36"
123.151.43.110 - - [06/Feb/2017:12:12:43 +0800] "GET / HTTP/1.1" 200 1424 "-" "Mozilla/5.0 (Windows NT 6.1; Win64; x64) AppleWebKit/537.36 (KHTML, like Gecko) Chrome/41.0.2272.89 Safari/537.36"
123.151.43.110 - - [06/Feb/2017:12:12:43 +0800] "GET / HTTP/1.1" 200 1424 "-" "Mozilla/5.0 (Windows NT 6.1; Win64; x64) AppleWebKit/537.36 (KHTML, like Gecko) Chrome/41.0.2272.89 Safari/537.36"
123.151.43.110 - - [06/Feb/2017:12:12:43 +0800] "GET / HTTP/1.1" 200 1424 "-" "Mozilla/5.0 (Windows NT 6.1; Win64; x64) AppleWebKit/537.36 (KHTML, like Gecko) Chrome/41.0.2272.89 Safari/537.36"
123.151.43.110 - - [06/Feb/2017:12:13:42 +0800] "GET / HTTP/1.1" 200 1424 "-" "Mozilla/5.0 (Windows NT 6.1; Win64; x64) AppleWebKit/537.36 (KHTML, like Gecko) Chrome/41.0.2272.89 Safari/537.36"
123.151.43.110 - - [06/Feb/2017:12:13:42 +0800] "GET / HTTP/1.1" 200 1424 "-" "Mozilla/5.0 (Windows NT 6.1; Win64; x64) AppleWebKit/537.36 (KHTML, like Gecko) Chrome/41.0.2272.89 Safari/537.36"
123.151.43.110 - - [06/Feb/2017:12:13:42 +0800] "GET / HTTP/1.1" 200 1424 "-" "Mozilla/5.0 (Windows NT 6.1; Win64; x64) AppleWebKit/537.36 (KHTML, like Gecko) Chrome/41.0.2272.89 Safari/537.36"
123.151.43.110 - - [06/Feb/2017:12:14:43 +0800] "GET / HTTP/1.1" 200 1424 "-" "Mozilla/5.0 (Windows NT 6.1; Win64; x64) AppleWebKit/537.36 (KHTML, like Gecko) Chrome/41.0.2272.89 Safari/537.36"
123.151.43.110 - - [06/Feb/2017:12:14:43 +0800] "GET / HTTP/1.1" 200 1424 "-" "Mozilla/5.0 (Windows NT 6.1; Win64; x64) AppleWebKit/537.36 (KHTML, like Gecko) Chrome/41.0.2272.89 Safari/537.36"
123.151.43.110 - - [06/Feb/2017:12:14:43 +0800] "GET / HTTP/1.1" 200 1424 "-" "Mozilla/5.0 (Windows NT 6.1; Win64; x64) AppleWebKit/537.36 (KHTML, like Gecko) Chrome/41.0.2272.89 Safari/537.36"
123.151.43.110 - - [06/Feb/2017:12:15:46 +0800] "GET / HTTP/1.1" 200 1424 "-" "Mozilla/5.0 (Windows NT 6.1; Win64; x64) AppleWebKit/537.36 (KHTML, like Gecko) Chrome/41.0.2272.89 Safari/537.36"
123.151.43.110 - - [06/Feb/2017:12:15:46 +0800] "GET / HTTP/1.1" 200 1424 "-" "Mozilla/5.0 (Windows NT 6.1; Win64; x64) AppleWebKit/537.36 (KHTML, like Gecko) Chrome/41.0.2272.89 Safari/537.36"
123.151.43.110 - - [06/Feb/2017:12:15:51 +0800] "GET / HTTP/1.1" 200 1424 "-" "Mozilla/5.0 (Windows NT 6.1; Win64; x64) AppleWebKit/537.36 (KHTML, like Gecko) Chrome/41.0.2272.89 Safari/537.36"
123.151.43.110 - - [06/Feb/2017:12:16:42 +0800] "GET / HTTP/1.1" 200 1424 "-" "Mozilla/5.0 (Windows NT 6.1; Win64; x64) AppleWebKit/537.36 (KHTML, like Gecko) Chrome/41.0.2272.89 Safari/537.36"
123.151.43.110 - - [06/Feb/2017:12:16:42 +0800] "GET / HTTP/1.1" 200 1424 "-" "Mozilla/5.0 (Windows NT 6.1; Win64; x64) AppleWebKit/537.36 (KHTML, like Gecko) Chrome/41.0.2272.89 Safari/537.36"
123.151.43.110 - - [06/Feb/2017:12:16:42 +0800] "GET / HTTP/1.1" 200 1424 "-" "Mozilla/5.0 (Windows NT 6.1; Win64; x64) AppleWebKit/537.36 (KHTML, like Gecko) Chrome/41.0.2272.89 Safari/537.36"
123.151.43.110 - - [06/Feb/2017:12:17:51 +0800] "GET / HTTP/1.1" 200 1424 "-" "Mozilla/5.0 (Windows NT 6.1; Win64; x64) AppleWebKit/537.36 (KHTML, like Gecko) Chrome/41.0.2272.89 Safari/537.36"
123.151.43.110 - - [06/Feb/2017:12:17:51 +0800] "GET / HTTP/1.1" 200 1424 "-" "Mozilla/5.0 (Windows NT 6.1; Win64; x64) AppleWebKit/537.36 (KHTML, like Gecko) Chrome/41.0.2272.89 Safari/537.36"
123.151.43.110 - - [06/Feb/2017:12:17:51 +0800] "GET / HTTP/1.1" 200 1424 "-" "Mozilla/5.0 (Windows NT 6.1; Win64; x64) AppleWebKit/537.36 (KHTML, like Gecko) Chrome/41.0.2272.89 Safari/537.36"
123.151.43.110 - - [06/Feb/2017:12:18:42 +0800] "GET / HTTP/1.1" 200 1424 "-" "Mozilla/5.0 (Windows NT 6.1; Win64; x64) AppleWebKit/537.36 (KHTML, like Gecko) Chrome/41.0.2272.89 Safari/537.36"
123.151.43.110 - - [06/Feb/2017:12:18:42 +0800] "GET / HTTP/1.1" 200 1424 "-" "Mozilla/5.0 (Windows NT 6.1; Win64; x64) AppleWebKit/537.36 (KHTML, like Gecko) Chrome/41.0.2272.89 Safari/537.36"
123.151.43.110 - - [06/Feb/2017:12:18:42 +0800] "GET / HTTP/1.1" 200 1424 "-" "Mozilla/5.0 (Windows NT 6.1; Win64; x64) AppleWebKit/537.36 (KHTML, like Gecko) Chrome/41.0.2272.89 Safari/537.36"
122.189.171.162 - - [06/Feb/2017:12:19:38 +0800] "GET / HTTP/1.1" 200 1424 "-" "Mozilla/5.0 (Linux; U; Android 6.0.1; en-us; Redmi 3S Build/MMB29M) AppleWebKit/537.36 (KHTML, like Gecko) Version/4.0 Chrome/53.0.2785.146 Mobile Safari/537.36 XiaoMi/MiuiBrowser/8.5.14"
122.189.171.162 - - [06/Feb/2017:12:19:38 +0800] "GET /static/css/awesome.css HTTP/1.1" 200 191 "http://hexixi.top/" "Mozilla/5.0 (Linux; U; Android 6.0.1; en-us; Redmi 3S Build/MMB29M) AppleWebKit/537.36 (KHTML, like Gecko) Version/4.0 Chrome/53.0.2785.146 Mobile Safari/537.36 XiaoMi/MiuiBrowser/8.5.14"
122.189.171.162 - - [06/Feb/2017:12:19:39 +0800] "GET /static/css/uikit.min.css HTTP/1.1" 200 69595 "http://hexixi.top/" "Mozilla/5.0 (Linux; U; Android 6.0.1; en-us; Redmi 3S Build/MMB29M) AppleWebKit/537.36 (KHTML, like Gecko) Version/4.0 Chrome/53.0.2785.146 Mobile Safari/537.36 XiaoMi/MiuiBrowser/8.5.14"
122.189.171.162 - - [06/Feb/2017:12:19:39 +0800] "GET /static/js/sha1.min.js HTTP/1.1" 200 4293 "http://hexixi.top/" "Mozilla/5.0 (Linux; U; Android 6.0.1; en-us; Redmi 3S Build/MMB29M) AppleWebKit/537.36 (KHTML, like Gecko) Version/4.0 Chrome/53.0.2785.146 Mobile Safari/537.36 XiaoMi/MiuiBrowser/8.5.14"
122.189.171.162 - - [06/Feb/2017:12:19:39 +0800] "GET /static/js/uikit.min.js HTTP/1.1" 200 34274 "http://hexixi.top/" "Mozilla/5.0 (Linux; U; Android 6.0.1; en-us; Redmi 3S Build/MMB29M) AppleWebKit/537.36 (KHTML, like Gecko) Version/4.0 Chrome/53.0.2785.146 Mobile Safari/537.36 XiaoMi/MiuiBrowser/8.5.14"
122.189.171.162 - - [06/Feb/2017:12:19:39 +0800] "GET /static/js/sticky.min.js HTTP/1.1" 200 2197 "http://hexixi.top/" "Mozilla/5.0 (Linux; U; Android 6.0.1; en-us; Redmi 3S Build/MMB29M) AppleWebKit/537.36 (KHTML, like Gecko) Version/4.0 Chrome/53.0.2785.146 Mobile Safari/537.36 XiaoMi/MiuiBrowser/8.5.14"
122.189.171.162 - - [06/Feb/2017:12:19:39 +0800] "GET /static/js/vue.min.js HTTP/1.1" 200 56509 "http://hexixi.top/" "Mozilla/5.0 (Linux; U; Android 6.0.1; en-us; Redmi 3S Build/MMB29M) AppleWebKit/537.36 (KHTML, like Gecko) Version/4.0 Chrome/53.0.2785.146 Mobile Safari/537.36 XiaoMi/MiuiBrowser/8.5.14"
122.189.171.162 - - [06/Feb/2017:12:19:39 +0800] "GET /static/js/awesome.js HTTP/1.1" 200 14140 "http://hexixi.top/" "Mozilla/5.0 (Linux; U; Android 6.0.1; en-us; Redmi 3S Build/MMB29M) AppleWebKit/537.36 (KHTML, like Gecko) Version/4.0 Chrome/53.0.2785.146 Mobile Safari/537.36 XiaoMi/MiuiBrowser/8.5.14"
122.189.171.162 - - [06/Feb/2017:12:19:39 +0800] "GET /static/js/jquery.min.js HTTP/1.1" 200 93021 "http://hexixi.top/" "Mozilla/5.0 (Linux; U; Android 6.0.1; en-us; Redmi 3S Build/MMB29M) AppleWebKit/537.36 (KHTML, like Gecko) Version/4.0 Chrome/53.0.2785.146 Mobile Safari/537.36 XiaoMi/MiuiBrowser/8.5.14"
119.147.146.60 - - [06/Feb/2017:12:19:39 +0800] "GET / HTTP/1.1" 200 1424 "-" "Mozilla/5.0 (Windows NT 6.1; WOW64) AppleWebKit/537.36 (KHTML, like Gecko) Chrome/39.0.2171.95  Safari/537.36"
119.147.146.60 - - [06/Feb/2017:12:19:40 +0800] "GET /static/js/jquery.min.js HTTP/1.1" 200 93021 "-" "Mozilla/5.0 (Windows NT 6.1; WOW64) AppleWebKit/537.36 (KHTML, like Gecko) Chrome/39.0.2171.95  Safari/537.36"
119.147.146.60 - - [06/Feb/2017:12:19:40 +0800] "GET /static/js/sha1.min.js HTTP/1.1" 200 4293 "-" "Mozilla/5.0 (Windows NT 6.1; WOW64) AppleWebKit/537.36 (KHTML, like Gecko) Chrome/39.0.2171.95  Safari/537.36"
122.189.171.162 - - [06/Feb/2017:12:19:41 +0800] "GET /static/fonts/fontawesome-webfont.woff HTTP/1.1" 200 44432 "http://hexixi.top/static/css/uikit.min.css" "Mozilla/5.0 (Linux; U; Android 6.0.1; en-us; Redmi 3S Build/MMB29M) AppleWebKit/537.36 (KHTML, like Gecko) Version/4.0 Chrome/53.0.2785.146 Mobile Safari/537.36 XiaoMi/MiuiBrowser/8.5.14"
122.189.171.162 - - [06/Feb/2017:12:19:41 +0800] "GET /favicon.ico HTTP/1.1" 404 209 "http://hexixi.top/" "Mozilla/5.0 (Linux; U; Android 6.0.1; en-us; Redmi 3S Build/MMB29M) AppleWebKit/537.36 (KHTML, like Gecko) Version/4.0 Chrome/53.0.2785.146 Mobile Safari/537.36 XiaoMi/MiuiBrowser/8.5.14"
123.151.43.110 - - [06/Feb/2017:12:19:43 +0800] "GET / HTTP/1.1" 200 1424 "-" "Mozilla/5.0 (Windows NT 6.1; Win64; x64) AppleWebKit/537.36 (KHTML, like Gecko) Chrome/41.0.2272.89 Safari/537.36"
123.151.43.110 - - [06/Feb/2017:12:19:43 +0800] "GET / HTTP/1.1" 200 1424 "-" "Mozilla/5.0 (Windows NT 6.1; Win64; x64) AppleWebKit/537.36 (KHTML, like Gecko) Chrome/41.0.2272.89 Safari/537.36"
123.151.43.110 - - [06/Feb/2017:12:19:43 +0800] "GET / HTTP/1.1" 200 1424 "-" "Mozilla/5.0 (Windows NT 6.1; Win64; x64) AppleWebKit/537.36 (KHTML, like Gecko) Chrome/41.0.2272.89 Safari/537.36"
122.189.171.162 - - [06/Feb/2017:12:19:56 +0800] "GET /register HTTP/1.1" 200 2037 "http://hexixi.top/" "Mozilla/5.0 (Linux; U; Android 6.0.1; en-us; Redmi 3S Build/MMB29M) AppleWebKit/537.36 (KHTML, like Gecko) Version/4.0 Chrome/53.0.2785.146 Mobile Safari/537.36 XiaoMi/MiuiBrowser/8.5.14"
122.189.171.162 - - [06/Feb/2017:12:19:57 +0800] "GET /favicon.ico HTTP/1.1" 404 209 "http://hexixi.top/register" "Mozilla/5.0 (Linux; U; Android 6.0.1; en-us; Redmi 3S Build/MMB29M) AppleWebKit/537.36 (KHTML, like Gecko) Version/4.0 Chrome/53.0.2785.146 Mobile Safari/537.36 XiaoMi/MiuiBrowser/8.5.14"
123.151.43.110 - - [06/Feb/2017:12:20:43 +0800] "GET / HTTP/1.1" 200 1424 "-" "Mozilla/5.0 (Windows NT 6.1; Win64; x64) AppleWebKit/537.36 (KHTML, like Gecko) Chrome/41.0.2272.89 Safari/537.36"
123.151.43.110 - - [06/Feb/2017:12:20:43 +0800] "GET / HTTP/1.1" 200 1424 "-" "Mozilla/5.0 (Windows NT 6.1; Win64; x64) AppleWebKit/537.36 (KHTML, like Gecko) Chrome/41.0.2272.89 Safari/537.36"
123.151.43.110 - - [06/Feb/2017:12:20:43 +0800] "GET / HTTP/1.1" 200 1424 "-" "Mozilla/5.0 (Windows NT 6.1; Win64; x64) AppleWebKit/537.36 (KHTML, like Gecko) Chrome/41.0.2272.89 Safari/537.36"
122.189.171.162 - - [06/Feb/2017:12:20:55 +0800] "POST /api/users HTTP/1.1" 200 247 "http://hexixi.top/register" "Mozilla/5.0 (Linux; U; Android 6.0.1; en-us; Redmi 3S Build/MMB29M) AppleWebKit/537.36 (KHTML, like Gecko) Version/4.0 Chrome/53.0.2785.146 Mobile Safari/537.36 XiaoMi/MiuiBrowser/8.5.14"
122.189.171.162 - - [06/Feb/2017:12:20:55 +0800] "GET / HTTP/1.1" 200 1491 "http://hexixi.top/register" "Mozilla/5.0 (Linux; U; Android 6.0.1; en-us; Redmi 3S Build/MMB29M) AppleWebKit/537.36 (KHTML, like Gecko) Version/4.0 Chrome/53.0.2785.146 Mobile Safari/537.36 XiaoMi/MiuiBrowser/8.5.14"
122.189.171.162 - - [06/Feb/2017:12:20:56 +0800] "GET /favicon.ico HTTP/1.1" 404 209 "http://hexixi.top/" "Mozilla/5.0 (Linux; U; Android 6.0.1; en-us; Redmi 3S Build/MMB29M) AppleWebKit/537.36 (KHTML, like Gecko) Version/4.0 Chrome/53.0.2785.146 Mobile Safari/537.36 XiaoMi/MiuiBrowser/8.5.14"
123.151.43.110 - - [06/Feb/2017:12:21:43 +0800] "GET / HTTP/1.1" 200 1424 "-" "Mozilla/5.0 (Windows NT 6.1; Win64; x64) AppleWebKit/537.36 (KHTML, like Gecko) Chrome/41.0.2272.89 Safari/537.36"
123.151.43.110 - - [06/Feb/2017:12:21:43 +0800] "GET / HTTP/1.1" 200 1424 "-" "Mozilla/5.0 (Windows NT 6.1; Win64; x64) AppleWebKit/537.36 (KHTML, like Gecko) Chrome/41.0.2272.89 Safari/537.36"
123.151.43.110 - - [06/Feb/2017:12:21:43 +0800] "GET / HTTP/1.1" 200 1424 "-" "Mozilla/5.0 (Windows NT 6.1; Win64; x64) AppleWebKit/537.36 (KHTML, like Gecko) Chrome/41.0.2272.89 Safari/537.36"
122.189.171.162 - - [06/Feb/2017:12:22:10 +0800] "GET / HTTP/1.1" 200 1552 "http://hexixi.top/register" "Mozilla/5.0 (Linux; U; Android 6.0.1; en-us; Redmi 3S Build/MMB29M) AppleWebKit/537.36 (KHTML, like Gecko) Version/4.0 Chrome/53.0.2785.146 Mobile Safari/537.36 XiaoMi/MiuiBrowser/8.5.14"
122.189.171.162 - - [06/Feb/2017:12:22:10 +0800] "GET /static/css/awesome.css HTTP/1.1" 304 0 "http://hexixi.top/" "Mozilla/5.0 (Linux; U; Android 6.0.1; en-us; Redmi 3S Build/MMB29M) AppleWebKit/537.36 (KHTML, like Gecko) Version/4.0 Chrome/53.0.2785.146 Mobile Safari/537.36 XiaoMi/MiuiBrowser/8.5.14"
122.189.171.162 - - [06/Feb/2017:12:22:10 +0800] "GET /static/css/uikit.min.css HTTP/1.1" 304 0 "http://hexixi.top/" "Mozilla/5.0 (Linux; U; Android 6.0.1; en-us; Redmi 3S Build/MMB29M) AppleWebKit/537.36 (KHTML, like Gecko) Version/4.0 Chrome/53.0.2785.146 Mobile Safari/537.36 XiaoMi/MiuiBrowser/8.5.14"
122.189.171.162 - - [06/Feb/2017:12:22:10 +0800] "GET /static/js/jquery.min.js HTTP/1.1" 304 0 "http://hexixi.top/" "Mozilla/5.0 (Linux; U; Android 6.0.1; en-us; Redmi 3S Build/MMB29M) AppleWebKit/537.36 (KHTML, like Gecko) Version/4.0 Chrome/53.0.2785.146 Mobile Safari/537.36 XiaoMi/MiuiBrowser/8.5.14"
122.189.171.162 - - [06/Feb/2017:12:22:10 +0800] "GET /static/js/sha1.min.js HTTP/1.1" 304 0 "http://hexixi.top/" "Mozilla/5.0 (Linux; U; Android 6.0.1; en-us; Redmi 3S Build/MMB29M) AppleWebKit/537.36 (KHTML, like Gecko) Version/4.0 Chrome/53.0.2785.146 Mobile Safari/537.36 XiaoMi/MiuiBrowser/8.5.14"
122.189.171.162 - - [06/Feb/2017:12:22:10 +0800] "GET /static/js/uikit.min.js HTTP/1.1" 304 0 "http://hexixi.top/" "Mozilla/5.0 (Linux; U; Android 6.0.1; en-us; Redmi 3S Build/MMB29M) AppleWebKit/537.36 (KHTML, like Gecko) Version/4.0 Chrome/53.0.2785.146 Mobile Safari/537.36 XiaoMi/MiuiBrowser/8.5.14"
122.189.171.162 - - [06/Feb/2017:12:22:10 +0800] "GET /static/js/sticky.min.js HTTP/1.1" 304 0 "http://hexixi.top/" "Mozilla/5.0 (Linux; U; Android 6.0.1; en-us; Redmi 3S Build/MMB29M) AppleWebKit/537.36 (KHTML, like Gecko) Version/4.0 Chrome/53.0.2785.146 Mobile Safari/537.36 XiaoMi/MiuiBrowser/8.5.14"
122.189.171.162 - - [06/Feb/2017:12:22:10 +0800] "GET /static/js/awesome.js HTTP/1.1" 304 0 "http://hexixi.top/" "Mozilla/5.0 (Linux; U; Android 6.0.1; en-us; Redmi 3S Build/MMB29M) AppleWebKit/537.36 (KHTML, like Gecko) Version/4.0 Chrome/53.0.2785.146 Mobile Safari/537.36 XiaoMi/MiuiBrowser/8.5.14"
122.189.171.162 - - [06/Feb/2017:12:22:10 +0800] "GET /static/js/vue.min.js HTTP/1.1" 304 0 "http://hexixi.top/" "Mozilla/5.0 (Linux; U; Android 6.0.1; en-us; Redmi 3S Build/MMB29M) AppleWebKit/537.36 (KHTML, like Gecko) Version/4.0 Chrome/53.0.2785.146 Mobile Safari/537.36 XiaoMi/MiuiBrowser/8.5.14"
122.189.171.162 - - [06/Feb/2017:12:22:11 +0800] "GET /static/fonts/fontawesome-webfont.woff HTTP/1.1" 304 0 "http://hexixi.top/static/css/uikit.min.css" "Mozilla/5.0 (Linux; U; Android 6.0.1; en-us; Redmi 3S Build/MMB29M) AppleWebKit/537.36 (KHTML, like Gecko) Version/4.0 Chrome/53.0.2785.146 Mobile Safari/537.36 XiaoMi/MiuiBrowser/8.5.14"
122.189.171.162 - - [06/Feb/2017:12:22:21 +0800] "GET /manage/ HTTP/1.1" 404 14 "http://hexixi.top/" "Mozilla/5.0 (Linux; U; Android 6.0.1; en-us; Redmi 3S Build/MMB29M) AppleWebKit/537.36 (KHTML, like Gecko) Version/4.0 Chrome/53.0.2785.146 Mobile Safari/537.36 XiaoMi/MiuiBrowser/8.5.14"
122.189.171.162 - - [06/Feb/2017:12:22:21 +0800] "GET /favicon.ico HTTP/1.1" 404 209 "http://hexixi.top/manage/" "Mozilla/5.0 (Linux; U; Android 6.0.1; en-us; Redmi 3S Build/MMB29M) AppleWebKit/537.36 (KHTML, like Gecko) Version/4.0 Chrome/53.0.2785.146 Mobile Safari/537.36 XiaoMi/MiuiBrowser/8.5.14"
122.189.171.162 - - [06/Feb/2017:12:22:30 +0800] "GET /manage/users HTTP/1.1" 404 14 "http://hexixi.top/" "Mozilla/5.0 (Linux; U; Android 6.0.1; en-us; Redmi 3S Build/MMB29M) AppleWebKit/537.36 (KHTML, like Gecko) Version/4.0 Chrome/53.0.2785.146 Mobile Safari/537.36 XiaoMi/MiuiBrowser/8.5.14"
122.189.171.162 - - [06/Feb/2017:12:22:30 +0800] "GET /favicon.ico HTTP/1.1" 404 209 "http://hexixi.top/manage/users" "Mozilla/5.0 (Linux; U; Android 6.0.1; en-us; Redmi 3S Build/MMB29M) AppleWebKit/537.36 (KHTML, like Gecko) Version/4.0 Chrome/53.0.2785.146 Mobile Safari/537.36 XiaoMi/MiuiBrowser/8.5.14"
123.151.43.110 - - [06/Feb/2017:12:22:43 +0800] "GET / HTTP/1.1" 200 1424 "-" "Mozilla/5.0 (Windows NT 6.1; Win64; x64) AppleWebKit/537.36 (KHTML, like Gecko) Chrome/41.0.2272.89 Safari/537.36"
123.151.43.110 - - [06/Feb/2017:12:22:43 +0800] "GET / HTTP/1.1" 200 1424 "-" "Mozilla/5.0 (Windows NT 6.1; Win64; x64) AppleWebKit/537.36 (KHTML, like Gecko) Chrome/41.0.2272.89 Safari/537.36"
123.151.43.110 - - [06/Feb/2017:12:22:43 +0800] "GET / HTTP/1.1" 200 1424 "-" "Mozilla/5.0 (Windows NT 6.1; Win64; x64) AppleWebKit/537.36 (KHTML, like Gecko) Chrome/41.0.2272.89 Safari/537.36"
39.160.134.39 - - [06/Feb/2017:12:22:46 +0800] "GET /manage/blogs HTTP/1.1" 200 2106 "http://hexixi.top/" "Mozilla/5.0 (Macintosh; Intel Mac OS X 10_12_2) AppleWebKit/537.36 (KHTML, like Gecko) Chrome/55.0.2883.95 Safari/537.36"
39.160.134.39 - - [06/Feb/2017:12:22:46 +0800] "GET /api/blogs?page=1 HTTP/1.1" 200 158 "http://hexixi.top/manage/blogs" "Mozilla/5.0 (Macintosh; Intel Mac OS X 10_12_2) AppleWebKit/537.36 (KHTML, like Gecko) Chrome/55.0.2883.95 Safari/537.36"
39.160.134.39 - - [06/Feb/2017:12:22:50 +0800] "GET /manage/users HTTP/1.1" 404 14 "http://hexixi.top/" "Mozilla/5.0 (Macintosh; Intel Mac OS X 10_12_2) AppleWebKit/537.36 (KHTML, like Gecko) Chrome/55.0.2883.95 Safari/537.36"
39.160.134.39 - - [06/Feb/2017:12:23:23 +0800] "GET /manage/blogs HTTP/1.1" 200 2106 "http://hexixi.top/" "Mozilla/5.0 (Macintosh; Intel Mac OS X 10_12_2) AppleWebKit/537.36 (KHTML, like Gecko) Chrome/55.0.2883.95 Safari/537.36"
39.160.134.39 - - [06/Feb/2017:12:23:23 +0800] "GET /api/blogs?page=1 HTTP/1.1" 200 158 "http://hexixi.top/manage/blogs" "Mozilla/5.0 (Macintosh; Intel Mac OS X 10_12_2) AppleWebKit/537.36 (KHTML, like Gecko) Chrome/55.0.2883.95 Safari/537.36"
39.160.134.39 - - [06/Feb/2017:12:23:27 +0800] "GET /manage/blogs/create HTTP/1.1" 200 2137 "http://hexixi.top/manage/blogs" "Mozilla/5.0 (Macintosh; Intel Mac OS X 10_12_2) AppleWebKit/537.36 (KHTML, like Gecko) Chrome/55.0.2883.95 Safari/537.36"
123.151.43.110 - - [06/Feb/2017:12:23:42 +0800] "GET / HTTP/1.1" 200 1424 "-" "Mozilla/5.0 (Windows NT 6.1; Win64; x64) AppleWebKit/537.36 (KHTML, like Gecko) Chrome/41.0.2272.89 Safari/537.36"
123.151.43.110 - - [06/Feb/2017:12:23:42 +0800] "GET / HTTP/1.1" 200 1424 "-" "Mozilla/5.0 (Windows NT 6.1; Win64; x64) AppleWebKit/537.36 (KHTML, like Gecko) Chrome/41.0.2272.89 Safari/537.36"
123.151.43.110 - - [06/Feb/2017:12:23:42 +0800] "GET / HTTP/1.1" 200 1424 "-" "Mozilla/5.0 (Windows NT 6.1; Win64; x64) AppleWebKit/537.36 (KHTML, like Gecko) Chrome/41.0.2272.89 Safari/537.36"
39.160.134.39 - - [06/Feb/2017:12:23:49 +0800] "POST /api/blogs HTTP/1.1" 200 360 "http://hexixi.top/manage/blogs/create" "Mozilla/5.0 (Macintosh; Intel Mac OS X 10_12_2) AppleWebKit/537.36 (KHTML, like Gecko) Chrome/55.0.2883.95 Safari/537.36"
39.160.134.39 - - [06/Feb/2017:12:23:49 +0800] "GET /api/blogs/0014863550293324b207fb6250146e48181c0e2352d3477000 HTTP/1.1" 200 359 "http://hexixi.top/manage/blogs/create" "Mozilla/5.0 (Macintosh; Intel Mac OS X 10_12_2) AppleWebKit/537.36 (KHTML, like Gecko) Chrome/55.0.2883.95 Safari/537.36"
39.160.134.39 - - [06/Feb/2017:12:24:09 +0800] "GET /manage/blogs/create/0014863550293324b207fb6250146e48181c0e2352d3477000 HTTP/1.1" 404 14 "-" "Mozilla/5.0 (Macintosh; Intel Mac OS X 10_12_2) AppleWebKit/537.36 (KHTML, like Gecko) Chrome/55.0.2883.95 Safari/537.36"
39.160.134.39 - - [06/Feb/2017:12:24:24 +0800] "POST /api/blogs HTTP/1.1" 200 359 "http://hexixi.top/manage/blogs/create" "Mozilla/5.0 (Macintosh; Intel Mac OS X 10_12_2) AppleWebKit/537.36 (KHTML, like Gecko) Chrome/55.0.2883.95 Safari/537.36"
39.160.134.39 - - [06/Feb/2017:12:24:24 +0800] "GET /api/blogs/001486355064201d009c70794664e12a86d8d0ab6042688000 HTTP/1.1" 200 359 "http://hexixi.top/manage/blogs/create" "Mozilla/5.0 (Macintosh; Intel Mac OS X 10_12_2) AppleWebKit/537.36 (KHTML, like Gecko) Chrome/55.0.2883.95 Safari/537.36"
39.160.134.39 - - [06/Feb/2017:12:24:31 +0800] "POST /api/blogs HTTP/1.1" 200 361 "http://hexixi.top/manage/blogs/create" "Mozilla/5.0 (Macintosh; Intel Mac OS X 10_12_2) AppleWebKit/537.36 (KHTML, like Gecko) Chrome/55.0.2883.95 Safari/537.36"
39.160.134.39 - - [06/Feb/2017:12:24:31 +0800] "GET /api/blogs/001486355071043b25a6c8d39834ca3abd05b73351ec388000 HTTP/1.1" 200 359 "http://hexixi.top/manage/blogs/create" "Mozilla/5.0 (Macintosh; Intel Mac OS X 10_12_2) AppleWebKit/537.36 (KHTML, like Gecko) Chrome/55.0.2883.95 Safari/537.36"
39.160.134.39 - - [06/Feb/2017:12:24:38 +0800] "POST /api/blogs HTTP/1.1" 200 361 "http://hexixi.top/manage/blogs/create" "Mozilla/5.0 (Macintosh; Intel Mac OS X 10_12_2) AppleWebKit/537.36 (KHTML, like Gecko) Chrome/55.0.2883.95 Safari/537.36"
39.160.134.39 - - [06/Feb/2017:12:24:38 +0800] "GET /api/blogs/001486355078236c3ff8a25f03e4978bd780c1fcb381a0c000 HTTP/1.1" 200 359 "http://hexixi.top/manage/blogs/create" "Mozilla/5.0 (Macintosh; Intel Mac OS X 10_12_2) AppleWebKit/537.36 (KHTML, like Gecko) Chrome/55.0.2883.95 Safari/537.36"
123.151.43.110 - - [06/Feb/2017:12:24:43 +0800] "GET / HTTP/1.1" 200 1733 "-" "Mozilla/5.0 (Windows NT 6.1; Win64; x64) AppleWebKit/537.36 (KHTML, like Gecko) Chrome/41.0.2272.89 Safari/537.36"
123.151.43.110 - - [06/Feb/2017:12:24:43 +0800] "GET / HTTP/1.1" 200 1733 "-" "Mozilla/5.0 (Windows NT 6.1; Win64; x64) AppleWebKit/537.36 (KHTML, like Gecko) Chrome/41.0.2272.89 Safari/537.36"
123.151.43.110 - - [06/Feb/2017:12:24:43 +0800] "GET / HTTP/1.1" 200 1733 "-" "Mozilla/5.0 (Windows NT 6.1; Win64; x64) AppleWebKit/537.36 (KHTML, like Gecko) Chrome/41.0.2272.89 Safari/537.36"
39.160.134.39 - - [06/Feb/2017:12:24:44 +0800] "POST /api/blogs HTTP/1.1" 200 361 "http://hexixi.top/manage/blogs/create" "Mozilla/5.0 (Macintosh; Intel Mac OS X 10_12_2) AppleWebKit/537.36 (KHTML, like Gecko) Chrome/55.0.2883.95 Safari/537.36"
39.160.134.39 - - [06/Feb/2017:12:24:44 +0800] "GET /api/blogs/00148635508416379f1263c999d4e08b21ce230d6d6802e000 HTTP/1.1" 200 359 "http://hexixi.top/manage/blogs/create" "Mozilla/5.0 (Macintosh; Intel Mac OS X 10_12_2) AppleWebKit/537.36 (KHTML, like Gecko) Chrome/55.0.2883.95 Safari/537.36"
39.160.134.39 - - [06/Feb/2017:12:24:50 +0800] "POST /api/blogs HTTP/1.1" 200 361 "http://hexixi.top/manage/blogs/create" "Mozilla/5.0 (Macintosh; Intel Mac OS X 10_12_2) AppleWebKit/537.36 (KHTML, like Gecko) Chrome/55.0.2883.95 Safari/537.36"
39.160.134.39 - - [06/Feb/2017:12:24:50 +0800] "GET /api/blogs/001486355090591445ca882840248a69be8a2d7b3750e5f000 HTTP/1.1" 200 359 "http://hexixi.top/manage/blogs/create" "Mozilla/5.0 (Macintosh; Intel Mac OS X 10_12_2) AppleWebKit/537.36 (KHTML, like Gecko) Chrome/55.0.2883.95 Safari/537.36"
39.160.134.39 - - [06/Feb/2017:12:24:55 +0800] "POST /api/blogs HTTP/1.1" 200 361 "http://hexixi.top/manage/blogs/create" "Mozilla/5.0 (Macintosh; Intel Mac OS X 10_12_2) AppleWebKit/537.36 (KHTML, like Gecko) Chrome/55.0.2883.95 Safari/537.36"
39.160.134.39 - - [06/Feb/2017:12:24:55 +0800] "GET /api/blogs/0014863550951715ccae566f59645b2b73a5364bc0f668f000 HTTP/1.1" 200 359 "http://hexixi.top/manage/blogs/create" "Mozilla/5.0 (Macintosh; Intel Mac OS X 10_12_2) AppleWebKit/537.36 (KHTML, like Gecko) Chrome/55.0.2883.95 Safari/537.36"
39.160.134.39 - - [06/Feb/2017:12:24:59 +0800] "POST /api/blogs HTTP/1.1" 200 361 "http://hexixi.top/manage/blogs/create" "Mozilla/5.0 (Macintosh; Intel Mac OS X 10_12_2) AppleWebKit/537.36 (KHTML, like Gecko) Chrome/55.0.2883.95 Safari/537.36"
39.160.134.39 - - [06/Feb/2017:12:25:00 +0800] "GET /api/blogs/0014863550999175edde9375db84c07a7ba1583e80b6f2d000 HTTP/1.1" 200 359 "http://hexixi.top/manage/blogs/create" "Mozilla/5.0 (Macintosh; Intel Mac OS X 10_12_2) AppleWebKit/537.36 (KHTML, like Gecko) Chrome/55.0.2883.95 Safari/537.36"
39.160.134.39 - - [06/Feb/2017:12:25:04 +0800] "POST /api/blogs HTTP/1.1" 200 361 "http://hexixi.top/manage/blogs/create" "Mozilla/5.0 (Macintosh; Intel Mac OS X 10_12_2) AppleWebKit/537.36 (KHTML, like Gecko) Chrome/55.0.2883.95 Safari/537.36"
39.160.134.39 - - [06/Feb/2017:12:25:04 +0800] "GET /api/blogs/0014863551043238ccba2c11ab14b40aedf2547a35c2906000 HTTP/1.1" 200 359 "http://hexixi.top/manage/blogs/create" "Mozilla/5.0 (Macintosh; Intel Mac OS X 10_12_2) AppleWebKit/537.36 (KHTML, like Gecko) Chrome/55.0.2883.95 Safari/537.36"
39.160.134.39 - - [06/Feb/2017:12:25:06 +0800] "GET /manage/blogs/create HTTP/1.1" 200 2137 "http://hexixi.top/manage/blogs" "Mozilla/5.0 (Macintosh; Intel Mac OS X 10_12_2) AppleWebKit/537.36 (KHTML, like Gecko) Chrome/55.0.2883.95 Safari/537.36"
